// Jest Snapshot v1, https://goo.gl/fbAQLP

exports[`Schema throws an error if a schema is invalid 1`] = `"invalid schema >> Error: Required field name not found,Error: Cannot cast >>yes<< to Number"`;
