// Jest Snapshot v1, https://goo.gl/fbAQLP

exports[`Validator required fields throws an error if a required field is missing 1`] = `"Required field name not found"`;
